Game-Of-Live                                                                                                            PAGE 1
                         1     ;Countdown / Zaehler auf Null
                         2     ;in Minuten und Sekunden
                         3     ;
                         4     ; mit 4x7-segment anzeige
                         5     ;
                         6     ; initialisierung
                         7     cseg at 0h
0000 0120                8     ajmp init
                         9     cseg at 100h
                        10
                        11     ; -----------------
                        12     ; Interrupt
                        13     ;------------------
                        14     ORG 0bh
****WARNING:ThisORGhaslowervaluethanthepreviousone
000B 12009F             15     call timer
000E 32                 16     reti
                        17     ;------------------
                        18     ;init
                        19     ;------------------
                        20     ORG 20h
                        21     init:
0020 75A892             22     mov IE, #10010010b
0023 758902             23     mov tmod, #00000010b
0026 758AC0             24     mov tl0, #0c0h
0029 758CC0             25     mov th0, #0c0h
002C D28C               26     SETB TR0
002E D280               27     setb P0.0
0030 7800               28     MOV R0,#0 ;Adress for row
                        29     ;MOV R1,#20h ;Adress for row copy
                        30
                        31     ; Initiales zeichnen des Gleiters
0032 74E0               32     MOV A,#11100000b
0034 F2                 33     movx @R0,A
                        34
0035 08                 35     INC R0
0036 7480               36     MOV A,#10000000b
0038 F2                 37     movx @R0,A
                        38
0039 08                 39     INC R0
003A 7440               40     MOV A,#01000000b
003C F2                 41     movx @R0,A
                        42
003D 08                 43     INC R0
003E 7400               44     MOV A,#00000000b
0040 F2                 45     movx @R0,A
                        46
0041 08                 47     INC R0
0042 7400               48     MOV A,#00000000b
0044 F2                 49     movx @R0,A
                        50
0045 08                 51     INC R0
0046 7400               52     MOV A,#00000000b
0048 F2                 53     movx @R0,A
                        54
0049 08                 55     INC R0
004A 7400               56     MOV A,#00000000b
004C F2                 57     movx @R0,A
                        58
004D 08                 59     INC R0
004E 7400               60     MOV A,#00000000b
0050 F2                 61     movx @R0,A
                        62
                        63
0051 7864               64     MOV R0,#100
0053 74E0               65     MOV A,#11100000b
0055 F2                 66     movx @R0,A
                        67
0056 08                 68     INC R0
0057 7480               69     MOV A,#10000000b
0059 F2                 70     movx @R0,A
                        71
005A 08                 72     INC R0
005B 7440               73     MOV A,#01000000b
005D F2                 74     movx @R0,A
                        75
005E 08                 76     INC R0
005F 7400               77     MOV A,#00000000b
0061 F2                 78     movx @R0,A
                        79
0062 08                 80     INC R0
0063 7400               81     MOV A,#00000000b
0065 F2                 82     movx @R0,A
                        83
0066 08                 84     INC R0
0067 7400               85     MOV A,#00000000b
0069 F2                 86     movx @R0,A
                        87
006A 08                 88     INC R0
006B 7400               89     MOV A,#00000000b
006D F2                 90     movx @R0,A
                        91
006E 08                 92     INC R0
006F 7400               93     MOV A,#00000000b
0071 F2                 94     movx @R0,A
                        95
                        96
                        97
                        98
                        99
0072 08                100     INC R0
0073 7400              101     MOV A,#00000000b
0075 F2                102     movx @R0,A
0076 120176            103     LCALL display
                       104     ;---------------------------
                       105     anfang:
0079 309010            106     jnb p1.0, starttimer
                       107     nurRT:
007C 309213            108     jnb p1.2, RT
007F 308C02            109     jnb tr0, da
0082 0179              110     ajmp anfang
                       111     da:
****WARNING:Reservedkeywordusedaslabel
0084 120176            112     lcall display
0087 3080F2            113     jnb P0.0, nurRT
008A 0179              114     ajmp anfang
                       115     ;------------------------------
                       116     ; unterprogramme
                       117     ;
                       118     ; start timer
                       119     starttimer:
008C D28C              120     setb tr0; start timer0
008E D290              121     setb P1.0
0090 0179              122     ajmp anfang
                       123     ; stop Timer
                       124     ;stoptimer:
                       125     ;clr tr0; stop timer
                       126     ;setb P1.1
                       127     ;ajmp anfang
                       128
                       129     RT:
0092 C28C              130     clr tr0; stop timer
0094 D292              131     setb P1.2
0096 D280              132     setb P0.0
0098 020020            133     ljmp init
                       134
                       135     jmpdisplay:
009B 120176            136     lcall display
009E 22                137     ret
                       138
                       139     ;----------------------
                       140     ; timer
                       141     ;
                       142     timer:
009F 0D                143     inc r5
00A0 BD05F8            144     cjne r5, #05h, jmpdisplay
00A3 7D00              145     mov r5, #00h
00A5 1200A9            146     call new_generation
00A8 22                147     ret
                       148
                       149     ;hupe:
                       150     ;clr tr0; stop timer
                       151     ;clr P0.0
                       152     ;ret
                       153
                       154     ;----- Logik für die neue Generation -----
                       155     new_generation:
00A9 7800              156     MOV R0,#0;
00AB 7A00              157     MOV R2,#0 ;Counter row starts with row 0
                       158
                       159     checkrow:
00AD 7B00              160     MOV R3,#0                       ;Counter column starts with column 0
00AF 7C00              161     MOV R4,#0                       ;R4 enthält die neuen Werte der Zellen der Zeile
00B1 7900              162     MOV R1,#0;
                       163
                       164     checkcolumn:
00B3 7F00              165     MOV R7,#0
00B5 9001D0            166     mov DPTR,#table2                ;R7 enthält die anzahl der nachbarn
00B8 11F7              167     ACALL checkTop
00BA 3101              168     ACALL checkMid
00BC 3106              169     ACALL checkBottom
                       170
00BE 9001C8            171     mov DPTR,#table                 ;Setze DataPointer auf masken tabelle
00C1 EB                172     mov A,R3
00C2 93                173     movC A,@A+DPTR                  ;Hole Maske für Spalte R3
00C3 FE                174     mov R6,A;
                       175
00C4 EA                176     MOV A,R2;
00C5 F8                177     MOV R0,A;
00C6 E2                178     MOVX A,@R0;                     ;Laden der entsprechenden Zeile
00C7 FD                179     MOV R5,A;
                       180     ;MOV R1,#0
                       181
00C8 EF                182     MOV A,R7;
00C9 B40207            183     CJNE A,#2,checkLessThan2        ;Wenn A != 2 überprüfe ob weniger
00CC EE                184     MOV A,R6                        ;Wenn A = 2 -> Behalte Wert der Zelle bei. Hole Maske
00CD 5D                185     ANL A,R5                        ;Maskiere Wert der Zelle aus
00CE 49                186     ORL A,R1                        ;Berechne neue Zeile
00CF F9                187     MOV R1,A                        ;Füge Wert zur neuen Zeile hinzu
00D0 0200E3            188     JMP checkEnd
                       189
                       190     checkLessThan2:
00D3 5003              191     JNC checkMoreThan2              ;Wenn A < 2 -> C = 1
00D5 0200E3            192     JMP checkEnd
                       193
                       194     checkMoreThan2:
00D8 B40308            195     CJNE A,#3,checkEnd              ;Wenn A != 3 muss die Zelle sterben
00DB EE                196     MOV A,R6                        ;Wenn A = 3 -> Setze Bit
00DC 54FF              197     ANL A,#11111111b                ;Maskiere Wert der Zelle aus
00DE 49                198     ORL A,R1                        ;Berechne neue Zeile
00DF F9                199     MOV R1,A                        ;Füge Wert zur neuen Zeile hinzu
00E0 0200E3            200     JMP checkEnd
                       201
                       202     checkEnd:
                       203     ;A < 2 CLR
                       204     ;A = 3 SETB
                       205     ;A > 3 CLR
                       206
                       207     ;Repeat until column = 0
00E3 0B                208     INC R3
00E4 EB                209     MOV A,R3
00E5 B408CB            210     CJNE A,#8,checkcolumn
                       211
                       212      ;setting new row from storage copy
                       213     ;movx @R0,TODO
                       214
                       215     ;Repeat until row = 0
00E8 EA                216     MOV A,R2;
00E9 2464              217     ADD A,#100;
00EB F8                218     MOV R0,A;
00EC E9                219     MOV A,R1;
00ED F2                220     MOVX @R0,A;
                       221
00EE 0A                222     INC R2
00EF EA                223     MOV A,R2
00F0 B408BA            224     CJNE A,#8,checkrow
                       225
00F3 120145            226     call copyNewGenerationToField
00F6 22                227     ret
                       228
                       229
                       230     checkTop:
                       231     ;Lade Zähler der Zeile in Akku
00F7 EA                232     MOV A,R2;
                       233     ;Wenn Akku gleich 0 muss zeile 7 betrachtet werden
00F8 7D07              234     MOV R5,#7;
00FA 6002              235     JZ gotTopRow
                       236     ;Sonst wird die Aktuelle zeile gesetzt
00FC 14                237     DEC A;
00FD FD                238     MOV R5,A;
                       239     ;gotRow dient dazu, dass falls R2 = 0 R0 = 7 bleibt
                       240     gotTopRow:
00FE 3114              241     ACALL calculateNeighbours
0100 22                242     ret
                       243
                       244     checkMid:
                       245     ;Lade Zähler der Zeile in Akku
0101 EA                246     MOV A,R2;
0102 FD                247     MOV R5,A;
0103 3130              248     ACALL calculateMiddleNeighbours
                       249     ;DEC R7; ;NUR WENN MITTE GESEETZT
0105 22                250     ret
                       251
                       252     checkBottom:
                       253     ;Lade Zähler der Zeile in Akku
0106 EA                254     MOV A,R2;
                       255     ;Wenn Akku gleich 7 muss zeile 0 betrachtet werden
0107 7D00              256     MOV R5,#0;
0109 B40703            257     CJNE A,#7,getBottomRow
010C 020111            258     JMP gotBottomrow
                       259     ;Sonst wird die Aktuelle zeile gesetzt
                       260     getBottomRow:
010F 04                261     INC A;
0110 FD                262     MOV R5,A;
                       263     ;gotRow dient dazu, dass falls R2 = 7 R0 = 0 bleibt
                       264     gotBottomRow:
0111 3114              265     ACALL calculateNeighbours
0113 22                266     ret
                       267
                       268     calculateNeighbours:
0114 ED                269     MOV A,R5;
0115 F8                270     MOV R0,A;
                       271
0116 E2                272     MOVX A,@R0;     ;Laden der entsprechenden Zeile
0117 FE                273     MOV R6,A        ;Speichern der rotierten Zeile
                       274
0118 EB                275     MOV A,R3                ;7-ZeilenNummer den benötigten rechts rotationen entspricht
0119 93                276     MOVC A,@A+DPTR
011A 5E                277     ANL A,R6;
011B 6001              278     JZ neighbour1NotSet
011D 0F                279     INC R7;
                       280
                       281     neighbour1NotSet:
011E EB                282     MOV A,R3                ;7-ZeilenNummer den benötigten rechts rotationen entspricht
011F 04                283     INC A
0120 93                284     MOVC A,@A+DPTR
0121 5E                285     ANL A,R6;
0122 6001              286     JZ neighbour2NotSet
0124 0F                287     INC R7;
                       288
                       289     neighbour2NotSet:
0125 EB                290     MOV A,R3                ;7-ZeilenNummer den benötigten rechts rotationen entspricht
0126 04                291     INC A
0127 04                292     INC A
0128 93                293     MOVC A,@A+DPTR
0129 5E                294     ANL A,R6;
012A 6001              295     JZ neighbour3NotSet
012C 0F                296     INC R7;
                       297
                       298     neighbour3NotSet:
012D 7E00              299     MOV R6,#0;
012F 22                300     ret
                       301
                       302
                       303     calculateMiddleNeighbours:
0130 ED                304     MOV A,R5;
0131 F8                305     MOV R0,A;
0132 E2                306     MOVX A,@R0;     ;Laden der entsprechenden Zeile
0133 FE                307     MOV R6,A        ;Speichern der rotierten Zeile
                       308     ;Berechnen um wie viele Stellen die Zeile nach rechts verschoben werden muss
                       309
                       310     ;MOV R4,A       ;Speichern des zählers
                       311
                       312
                       313     ;Rotieren der Zeile bis der zähler R4 null ist
                       314     ;RL A           ;einmalig links rotieren da erst nach der rechts rotation auf 0 geprüft wird
                       315     ;RL A           ;einmalig links rotieren da erst nach der rechts rotation auf 0 geprüft wird
                       316     ;rotateRight2:  ;so wird verhindert dass wenn der zähler 0 ist eine rotation stattfindet
                       317     ;RR A;
                       318     ;DJNZ R4,rotateRight2
                       319
0134 EB                320     MOV A,R3                ;7-ZeilenNummer den benötigten rechts rotationen entspricht
0135 93                321     MOVC A,@A+DPTR
0136 5E                322     ANL A,R6;
0137 6001              323     JZ neighbour2NotSet2
0139 0F                324     INC R7;
                       325
                       326     neighbour2NotSet2:
013A EB                327     MOV A,R3                ;7-ZeilenNummer den benötigten rechts rotationen entspricht
013B 04                328     INC A
013C 04                329     INC A
013D 93                330     MOVC A,@A+DPTR
013E 5E                331     ANL A,R6;
013F 6001              332     JZ neighbour3NotSet2
0141 0F                333     INC R7;
                       334
                       335     neighbour3NotSet2:
0142 7E00              336     MOV R6,#0;
0144 22                337     ret
                       338
                       339     copyNewGenerationToField:
0145 7864              340     MOV R0,#100
0147 7900              341     MOV R1,#0
0149 E2                342     MOVX A,@R0
014A F3                343     MOVX @R1,A
                       344
014B 7865              345     MOV R0,#101
014D 7901              346     MOV R1,#1
014F E2                347     MOVX A,@R0
0150 F3                348     MOVX @R1,A
                       349
0151 7866              350     MOV R0,#102
0153 7902              351     MOV R1,#2
0155 E2                352     MOVX A,@R0
0156 F3                353     MOVX @R1,A
                       354
0157 7867              355     MOV R0,#103
0159 7903              356     MOV R1,#3
015B E2                357     MOVX A,@R0
015C F3                358     MOVX @R1,A
                       359
015D 7868              360     MOV R0,#104
015F 7904              361     MOV R1,#4
0161 E2                362     MOVX A,@R0
0162 F3                363     MOVX @R1,A
                       364
0163 7869              365     MOV R0,#105
0165 7905              366     MOV R1,#5
0167 E2                367     MOVX A,@R0
0168 F3                368     MOVX @R1,A
                       369
0169 786A              370     MOV R0,#106
016B 7906              371     MOV R1,#6
016D E2                372     MOVX A,@R0
016E F3                373     MOVX @R1,A
                       374
016F 786B              375     MOV R0,#107
0171 7907              376     MOV R1,#7
0173 E2                377     MOVX A,@R0
0174 F3                378     MOVX @R1,A
                       379
0175 22                380     ret
                       381
                       382     display:
                       383
0176 7800              384     mov R0,#0h
0178 E2                385     movx A,@R0
0179 75B001            386     mov P3, #00000001b
017C F5A0              387     mov P2, a
017E 75A000            388     mov P2,#0
                       389
0181 08                390     inc R0
0182 E2                391     movx A,@R0
0183 75B002            392     mov P3, #00000010b
0186 F5A0              393     mov P2, a
0188 75A000            394     mov P2,#0
                       395
018B 08                396     inc R0
018C E2                397     movx A,@R0
018D 75B004            398     mov P3, #00000100b
0190 F5A0              399     mov P2, a
0192 75A000            400     mov P2,#0
                       401
0195 08                402     inc R0
0196 E2                403     movx A,@R0
0197 75B008            404     mov P3, #00001000b
019A F5A0              405     mov P2, a
019C 75A000            406     mov P2,#0
                       407
019F 08                408     inc R0
01A0 E2                409     movx A,@R0
01A1 75B010            410     mov P3, #00010000b
01A4 F5A0              411     mov P2, a
01A6 75A000            412     mov P2,#0
                       413
01A9 08                414     inc R0
01AA E2                415     movx A,@R0
01AB 75B020            416     mov P3, #00100000b
01AE F5A0              417     mov P2, a
01B0 75A000            418     mov P2,#0
                       419
01B3 08                420     inc R0
01B4 E2                421     movx A,@R0
01B5 75B040            422     mov P3, #01000000b
01B8 F5A0              423     mov P2, a
01BA 75A000            424     mov P2,#0
                       425
01BD 08                426     inc R0
01BE E2                427     movx A,@R0
01BF 75B080            428     mov P3, #10000000b
01C2 F5A0              429     mov P2, a
01C4 75A000            430     mov P2,#0
                       431
01C7 22                432     ret
                       433
                       434
01C8 8040201008        435     table: db 10000000b, 01000000b, 00100000b, 00010000b, 00001000b, 00000100b, 00000010b, 00000001b
     040201
01D0 0180402010        436     table2: db 00000001b, 10000000b, 01000000b, 00100000b, 00010000b, 00001000b, 00000100b, 00000010b, 00
     0804020180
                       437
                       438     end
ASSEMBLY COMPLETE, NO ERRORS FOUND, 2 WARNINGS


ERROR SUMMARY:
Line 14, WARNING:ThisORGhaslowervaluethanthepreviousone
Line 112, WARNING:Reservedkeywordusedaslabel

SYMBOL TABLE:
??MCU_8051_IDE . . . . . . . . . . .  N  NUMB  8051H  NOT USED
??VERSION. . . . . . . . . . . . . .  N  NUMB  0149H  NOT USED
AC . . . . . . . . . . . . . . . . .  B  ADDR  00D6H  NOT USED
ACC. . . . . . . . . . . . . . . . .  D  ADDR  00E0H  NOT USED
ACSR . . . . . . . . . . . . . . . .  D  ADDR  0097H  NOT USED
ADCF . . . . . . . . . . . . . . . .  D  ADDR  00F6H  NOT USED
ADCLK. . . . . . . . . . . . . . . .  D  ADDR  00F2H  NOT USED
ADCON. . . . . . . . . . . . . . . .  D  ADDR  00F3H  NOT USED
ADDH . . . . . . . . . . . . . . . .  D  ADDR  00F5H  NOT USED
ADDL . . . . . . . . . . . . . . . .  D  ADDR  00F4H  NOT USED
ANFANG . . . . . . . . . . . . . . .  C  ADDR  0079H
AUXR . . . . . . . . . . . . . . . .  D  ADDR  008EH  NOT USED
AUXR1. . . . . . . . . . . . . . . .  D  ADDR  00A2H  NOT USED
B. . . . . . . . . . . . . . . . . .  D  ADDR  00F0H  NOT USED
BDRCON . . . . . . . . . . . . . . .  D  ADDR  009BH  NOT USED
BDRCON_1 . . . . . . . . . . . . . .  D  ADDR  009CH  NOT USED
BRL. . . . . . . . . . . . . . . . .  D  ADDR  009AH  NOT USED
CALCULATEMIDDLENEIGHBOURS. . . . . .  C  ADDR  0130H
CALCULATENEIGHBOURS. . . . . . . . .  C  ADDR  0114H
CCAP0H . . . . . . . . . . . . . . .  D  ADDR  00FAH  NOT USED
CCAP0L . . . . . . . . . . . . . . .  D  ADDR  00EAH  NOT USED
CCAP1H . . . . . . . . . . . . . . .  D  ADDR  00FBH  NOT USED
CCAP1L . . . . . . . . . . . . . . .  D  ADDR  00EBH  NOT USED
CCAP2H . . . . . . . . . . . . . . .  D  ADDR  00FCH  NOT USED
CCAP3H . . . . . . . . . . . . . . .  D  ADDR  00FDH  NOT USED
CCAP4H . . . . . . . . . . . . . . .  D  ADDR  00FEH  NOT USED
CCAPL2H. . . . . . . . . . . . . . .  D  ADDR  00FCH  NOT USED
CCAPL2L. . . . . . . . . . . . . . .  D  ADDR  00ECH  NOT USED
CCAPL3H. . . . . . . . . . . . . . .  D  ADDR  00FDH  NOT USED
CCAPL3L. . . . . . . . . . . . . . .  D  ADDR  00EDH  NOT USED
CCAPL4H. . . . . . . . . . . . . . .  D  ADDR  00FEH  NOT USED
CCAPL4L. . . . . . . . . . . . . . .  D  ADDR  00EEH  NOT USED
CCAPM0 . . . . . . . . . . . . . . .  D  ADDR  00DAH  NOT USED
CCAPM1 . . . . . . . . . . . . . . .  D  ADDR  00DBH  NOT USED
CCAPM2 . . . . . . . . . . . . . . .  D  ADDR  00DCH  NOT USED
CCAPM3 . . . . . . . . . . . . . . .  D  ADDR  00DDH  NOT USED
CCAPM4 . . . . . . . . . . . . . . .  D  ADDR  00DEH  NOT USED
CCF0 . . . . . . . . . . . . . . . .  B  ADDR  00D8H  NOT USED
CCF1 . . . . . . . . . . . . . . . .  B  ADDR  00D9H  NOT USED
CCF2 . . . . . . . . . . . . . . . .  B  ADDR  00DAH  NOT USED
CCF3 . . . . . . . . . . . . . . . .  B  ADDR  00DBH  NOT USED
CCF4 . . . . . . . . . . . . . . . .  B  ADDR  00DCH  NOT USED
CCON . . . . . . . . . . . . . . . .  D  ADDR  00D8H  NOT USED
CFINT. . . . . . . . . . . . . . . .  C  ADDR  0033H  NOT USED
CH . . . . . . . . . . . . . . . . .  D  ADDR  00F9H  NOT USED
CHECKBOTTOM. . . . . . . . . . . . .  C  ADDR  0106H
CHECKCOLUMN. . . . . . . . . . . . .  C  ADDR  00B3H
CHECKEND . . . . . . . . . . . . . .  C  ADDR  00E3H
CHECKLESSTHAN2 . . . . . . . . . . .  C  ADDR  00D3H
CHECKMID . . . . . . . . . . . . . .  C  ADDR  0101H
CHECKMORETHAN2 . . . . . . . . . . .  C  ADDR  00D8H
CHECKROW . . . . . . . . . . . . . .  C  ADDR  00ADH
CHECKTOP . . . . . . . . . . . . . .  C  ADDR  00F7H
CKCON. . . . . . . . . . . . . . . .  D  ADDR  008FH  NOT USED
CKCON0 . . . . . . . . . . . . . . .  D  ADDR  008FH  NOT USED
CKRL . . . . . . . . . . . . . . . .  D  ADDR  0097H  NOT USED
CKSEL. . . . . . . . . . . . . . . .  D  ADDR  0085H  NOT USED
CL . . . . . . . . . . . . . . . . .  D  ADDR  00E9H  NOT USED
CLKREG . . . . . . . . . . . . . . .  D  ADDR  008FH  NOT USED
CMOD . . . . . . . . . . . . . . . .  D  ADDR  00D9H  NOT USED
COPYNEWGENERATIONTOFIELD . . . . . .  C  ADDR  0145H
CPRL2. . . . . . . . . . . . . . . .  B  ADDR  00C8H  NOT USED
CR . . . . . . . . . . . . . . . . .  B  ADDR  00DEH  NOT USED
CT2. . . . . . . . . . . . . . . . .  B  ADDR  00C9H  NOT USED
CY . . . . . . . . . . . . . . . . .  B  ADDR  00D7H  NOT USED
DA . . . . . . . . . . . . . . . . .  C  ADDR  0084H
DISPLAY. . . . . . . . . . . . . . .  C  ADDR  0176H
DP0H . . . . . . . . . . . . . . . .  D  ADDR  0083H  NOT USED
DP0L . . . . . . . . . . . . . . . .  D  ADDR  0082H  NOT USED
DP1H . . . . . . . . . . . . . . . .  D  ADDR  0085H  NOT USED
DP1L . . . . . . . . . . . . . . . .  D  ADDR  0084H  NOT USED
DPH. . . . . . . . . . . . . . . . .  D  ADDR  0083H  NOT USED
DPL. . . . . . . . . . . . . . . . .  D  ADDR  0082H  NOT USED
EA . . . . . . . . . . . . . . . . .  B  ADDR  00AFH  NOT USED
EC . . . . . . . . . . . . . . . . .  B  ADDR  00AEH  NOT USED
EECON. . . . . . . . . . . . . . . .  D  ADDR  0096H  NOT USED
ES . . . . . . . . . . . . . . . . .  B  ADDR  00ACH  NOT USED
ET0. . . . . . . . . . . . . . . . .  B  ADDR  00A9H  NOT USED
ET1. . . . . . . . . . . . . . . . .  B  ADDR  00ABH  NOT USED
ET2. . . . . . . . . . . . . . . . .  B  ADDR  00ADH  NOT USED
EX0. . . . . . . . . . . . . . . . .  B  ADDR  00A8H  NOT USED
EX1. . . . . . . . . . . . . . . . .  B  ADDR  00AAH  NOT USED
EXEN2. . . . . . . . . . . . . . . .  B  ADDR  00CBH  NOT USED
EXF2 . . . . . . . . . . . . . . . .  B  ADDR  00CEH  NOT USED
EXTI0. . . . . . . . . . . . . . . .  C  ADDR  0003H  NOT USED
EXTI1. . . . . . . . . . . . . . . .  C  ADDR  0013H  NOT USED
F0 . . . . . . . . . . . . . . . . .  B  ADDR  00D5H  NOT USED
FE . . . . . . . . . . . . . . . . .  B  ADDR  009FH  NOT USED
GETBOTTOMROW . . . . . . . . . . . .  C  ADDR  010FH
GOTBOTTOMROW . . . . . . . . . . . .  C  ADDR  0111H
GOTTOPROW. . . . . . . . . . . . . .  C  ADDR  00FEH
IE . . . . . . . . . . . . . . . . .  D  ADDR  00A8H
IE0. . . . . . . . . . . . . . . . .  B  ADDR  0089H  NOT USED
IE1. . . . . . . . . . . . . . . . .  B  ADDR  008BH  NOT USED
INIT . . . . . . . . . . . . . . . .  C  ADDR  0020H
INT0 . . . . . . . . . . . . . . . .  B  ADDR  00B2H  NOT USED
INT1 . . . . . . . . . . . . . . . .  B  ADDR  00B3H  NOT USED
IP . . . . . . . . . . . . . . . . .  D  ADDR  00B8H  NOT USED
IPH. . . . . . . . . . . . . . . . .  D  ADDR  00B7H  NOT USED
IPH0 . . . . . . . . . . . . . . . .  D  ADDR  00B7H  NOT USED
IPH1 . . . . . . . . . . . . . . . .  D  ADDR  00B3H  NOT USED
IPL0 . . . . . . . . . . . . . . . .  D  ADDR  00B8H  NOT USED
IPL1 . . . . . . . . . . . . . . . .  D  ADDR  00B2H  NOT USED
IT0. . . . . . . . . . . . . . . . .  B  ADDR  0088H  NOT USED
IT1. . . . . . . . . . . . . . . . .  B  ADDR  008AH  NOT USED
JMPDISPLAY . . . . . . . . . . . . .  C  ADDR  009BH
KBE. . . . . . . . . . . . . . . . .  D  ADDR  009DH  NOT USED
KBF. . . . . . . . . . . . . . . . .  D  ADDR  009EH  NOT USED
KBLS . . . . . . . . . . . . . . . .  D  ADDR  009CH  NOT USED
NEIGHBOUR1NOTSET . . . . . . . . . .  C  ADDR  011EH
NEIGHBOUR2NOTSET . . . . . . . . . .  C  ADDR  0125H
NEIGHBOUR2NOTSET2. . . . . . . . . .  C  ADDR  013AH
NEIGHBOUR3NOTSET . . . . . . . . . .  C  ADDR  012DH
NEIGHBOUR3NOTSET2. . . . . . . . . .  C  ADDR  0142H
NEW_GENERATION . . . . . . . . . . .  C  ADDR  00A9H
NURRT. . . . . . . . . . . . . . . .  C  ADDR  007CH
OSCCON . . . . . . . . . . . . . . .  D  ADDR  0086H  NOT USED
OV . . . . . . . . . . . . . . . . .  B  ADDR  00D2H  NOT USED
P. . . . . . . . . . . . . . . . . .  B  ADDR  00D0H  NOT USED
P0 . . . . . . . . . . . . . . . . .  D  ADDR  0080H
P1 . . . . . . . . . . . . . . . . .  D  ADDR  0090H
P1M1 . . . . . . . . . . . . . . . .  D  ADDR  00D4H  NOT USED
P1M2 . . . . . . . . . . . . . . . .  D  ADDR  00E2H  NOT USED
P2 . . . . . . . . . . . . . . . . .  D  ADDR  00A0H
P3 . . . . . . . . . . . . . . . . .  D  ADDR  00B0H
P3M1 . . . . . . . . . . . . . . . .  D  ADDR  00D5H  NOT USED
P3M2 . . . . . . . . . . . . . . . .  D  ADDR  00E3H  NOT USED
P4 . . . . . . . . . . . . . . . . .  D  ADDR  00C0H  NOT USED
P4M1 . . . . . . . . . . . . . . . .  D  ADDR  00D6H  NOT USED
P4M2 . . . . . . . . . . . . . . . .  D  ADDR  00E4H  NOT USED
P5 . . . . . . . . . . . . . . . . .  D  ADDR  00E8H  NOT USED
PC . . . . . . . . . . . . . . . . .  B  ADDR  00BEH  NOT USED
PCON . . . . . . . . . . . . . . . .  D  ADDR  0087H  NOT USED
PPCL . . . . . . . . . . . . . . . .  B  ADDR  00BEH  NOT USED
PS . . . . . . . . . . . . . . . . .  B  ADDR  00BCH  NOT USED
PSL. . . . . . . . . . . . . . . . .  B  ADDR  00BCH  NOT USED
PSW. . . . . . . . . . . . . . . . .  D  ADDR  00D0H  NOT USED
PT0. . . . . . . . . . . . . . . . .  B  ADDR  00B9H  NOT USED
PT0L . . . . . . . . . . . . . . . .  B  ADDR  00B9H  NOT USED
PT1. . . . . . . . . . . . . . . . .  B  ADDR  00BBH  NOT USED
PT1L . . . . . . . . . . . . . . . .  B  ADDR  00BBH  NOT USED
PT2. . . . . . . . . . . . . . . . .  B  ADDR  00BDH  NOT USED
PT2L . . . . . . . . . . . . . . . .  B  ADDR  00BDH  NOT USED
PX0. . . . . . . . . . . . . . . . .  B  ADDR  00B8H  NOT USED
PX0L . . . . . . . . . . . . . . . .  B  ADDR  00B8H  NOT USED
PX1. . . . . . . . . . . . . . . . .  B  ADDR  00BAH  NOT USED
PX1L . . . . . . . . . . . . . . . .  B  ADDR  00BAH  NOT USED
RB8. . . . . . . . . . . . . . . . .  B  ADDR  009AH  NOT USED
RCAP2H . . . . . . . . . . . . . . .  D  ADDR  00CBH  NOT USED
RCAP2L . . . . . . . . . . . . . . .  D  ADDR  00CAH  NOT USED
RCLK . . . . . . . . . . . . . . . .  B  ADDR  00CDH  NOT USED
RD . . . . . . . . . . . . . . . . .  B  ADDR  00B7H  NOT USED
REN. . . . . . . . . . . . . . . . .  B  ADDR  009CH  NOT USED
RESET. . . . . . . . . . . . . . . .  C  ADDR  0000H  NOT USED
RI . . . . . . . . . . . . . . . . .  B  ADDR  0098H  NOT USED
RS0. . . . . . . . . . . . . . . . .  B  ADDR  00D3H  NOT USED
RS1. . . . . . . . . . . . . . . . .  B  ADDR  00D4H  NOT USED
RT . . . . . . . . . . . . . . . . .  C  ADDR  0092H
RXD. . . . . . . . . . . . . . . . .  B  ADDR  00B0H  NOT USED
SADDR. . . . . . . . . . . . . . . .  D  ADDR  00A9H  NOT USED
SADDR_0. . . . . . . . . . . . . . .  D  ADDR  00A9H  NOT USED
SADDR_1. . . . . . . . . . . . . . .  D  ADDR  00AAH  NOT USED
SADEN. . . . . . . . . . . . . . . .  D  ADDR  00B9H  NOT USED
SADEN_0. . . . . . . . . . . . . . .  D  ADDR  00B9H  NOT USED
SADEN_1. . . . . . . . . . . . . . .  D  ADDR  00BAH  NOT USED
SBUF . . . . . . . . . . . . . . . .  D  ADDR  0099H  NOT USED
SCON . . . . . . . . . . . . . . . .  D  ADDR  0098H  NOT USED
SINT . . . . . . . . . . . . . . . .  C  ADDR  0023H  NOT USED
SM0. . . . . . . . . . . . . . . . .  B  ADDR  009FH  NOT USED
SM1. . . . . . . . . . . . . . . . .  B  ADDR  009EH  NOT USED
SM2. . . . . . . . . . . . . . . . .  B  ADDR  009DH  NOT USED
SP . . . . . . . . . . . . . . . . .  D  ADDR  0081H  NOT USED
SPCON. . . . . . . . . . . . . . . .  D  ADDR  00C3H  NOT USED
SPCR . . . . . . . . . . . . . . . .  D  ADDR  00D5H  NOT USED
SPDAT. . . . . . . . . . . . . . . .  D  ADDR  00C5H  NOT USED
SPDR . . . . . . . . . . . . . . . .  D  ADDR  0086H  NOT USED
SPSR . . . . . . . . . . . . . . . .  D  ADDR  00AAH  NOT USED
SPSTA. . . . . . . . . . . . . . . .  D  ADDR  00C4H  NOT USED
STARTTIMER . . . . . . . . . . . . .  C  ADDR  008CH
T0 . . . . . . . . . . . . . . . . .  B  ADDR  00B4H  NOT USED
T1 . . . . . . . . . . . . . . . . .  B  ADDR  00B5H  NOT USED
T2CON. . . . . . . . . . . . . . . .  D  ADDR  00C8H  NOT USED
T2MOD. . . . . . . . . . . . . . . .  D  ADDR  00C9H  NOT USED
TABLE. . . . . . . . . . . . . . . .  C  ADDR  01C8H
TABLE2 . . . . . . . . . . . . . . .  C  ADDR  01D0H
TB8. . . . . . . . . . . . . . . . .  B  ADDR  009BH  NOT USED
TCLK . . . . . . . . . . . . . . . .  B  ADDR  00CCH  NOT USED
TCON . . . . . . . . . . . . . . . .  D  ADDR  0088H  NOT USED
TF0. . . . . . . . . . . . . . . . .  B  ADDR  008DH  NOT USED
TF1. . . . . . . . . . . . . . . . .  B  ADDR  008FH  NOT USED
TF2. . . . . . . . . . . . . . . . .  B  ADDR  00CFH  NOT USED
TH0. . . . . . . . . . . . . . . . .  D  ADDR  008CH
TH1. . . . . . . . . . . . . . . . .  D  ADDR  008DH  NOT USED
TH2. . . . . . . . . . . . . . . . .  D  ADDR  00CDH  NOT USED
TI . . . . . . . . . . . . . . . . .  B  ADDR  0099H  NOT USED
TIMER. . . . . . . . . . . . . . . .  C  ADDR  009FH
TIMER0 . . . . . . . . . . . . . . .  C  ADDR  000BH  NOT USED
TIMER1 . . . . . . . . . . . . . . .  C  ADDR  001BH  NOT USED
TIMER2 . . . . . . . . . . . . . . .  C  ADDR  002BH  NOT USED
TL0. . . . . . . . . . . . . . . . .  D  ADDR  008AH
TL1. . . . . . . . . . . . . . . . .  D  ADDR  008BH  NOT USED
TL2. . . . . . . . . . . . . . . . .  D  ADDR  00CCH  NOT USED
TMOD . . . . . . . . . . . . . . . .  D  ADDR  0089H
TR0. . . . . . . . . . . . . . . . .  B  ADDR  008CH
TR1. . . . . . . . . . . . . . . . .  B  ADDR  008EH  NOT USED
TR2. . . . . . . . . . . . . . . . .  B  ADDR  00CAH  NOT USED
TXD. . . . . . . . . . . . . . . . .  B  ADDR  00B1H  NOT USED
WDTCON . . . . . . . . . . . . . . .  D  ADDR  00A7H  NOT USED
WDTPRG . . . . . . . . . . . . . . .  D  ADDR  00A7H  NOT USED
WDTRST . . . . . . . . . . . . . . .  D  ADDR  00A6H  NOT USED
WR . . . . . . . . . . . . . . . . .  B  ADDR  00B6H  NOT USED